deployer: 0x5E77b8D3655918454134a2d5BAd9dd76B741b4cB
== live state ==
smoke-good-1: APPROVED
smoke-bad-1: REJECTED
smoke-good-2b: INCONCLUSIVE
smoke-good-3c: INCONCLUSIVE
smoke-good-2d: INCONCLUSIVE
smoke-good-3e: INCONCLUSIVE
PASS good-1 APPROVED (live)
PASS bad-1 REJECTED (live)
== already_certified guard evidence ==
PASS guard tx: MAJORITY_AGREE + ERROR, reason='\x01already_certified', calldata=resolve(smoke-good-2)
== opens (mirror-style variants, original criteria) ==
[open#smoke-good-2f] FINALIZED vote=MAJORITY_AGREE exec=SUCCESS
Traceback (most recent call last):
  File "/home/ubuntu/genlayer-env/lib/python3.12/site-packages/requests/models.py", line 1116, in json
    return complexjson.loads(self.text, **kwargs)
           ^^^^^^^^^^^^^^^^^^^^^^^^^^^^^^^^^^^^^^
  File "/usr/lib/python3.12/json/__init__.py", line 346, in loads
    return _default_decoder.decode(s)
           ^^^^^^^^^^^^^^^^^^^^^^^^^^
  File "/usr/lib/python3.12/json/decoder.py", line 337, in decode
    obj, end = self.raw_decode(s, idx=_w(s, 0).end())
               ^^^^^^^^^^^^^^^^^^^^^^^^^^^^^^^^^^^^^^
  File "/usr/lib/python3.12/json/decoder.py", line 355, in raw_decode
    raise JSONDecodeError("Expecting value", s, err.value) from None
json.decoder.JSONDecodeError: Expecting value: line 1 column 1 (char 0)

During handling of the above exception, another exception occurred:

Traceback (most recent call last):
  File "/home/ubuntu/genlayer-env/lib/python3.12/site-packages/genlayer_py/provider/provider.py", line 42, in make_request
    resp = response.json()
           ^^^^^^^^^^^^^^^
  File "/home/ubuntu/genlayer-env/lib/python3.12/site-packages/requests/models.py", line 1120, in json
    raise RequestsJSONDecodeError(e.msg, e.doc, e.pos)
requests.exceptions.JSONDecodeError: Expecting value: line 1 column 1 (char 0)

The above exception was the direct cause of the following exception:

Traceback (most recent call last):
  File "/home/ubuntu/linguacert/scripts/attach_v12_v4.py", line 284, in <module>
    main()
  File "/home/ubuntu/linguacert/scripts/attach_v12_v4.py", line 210, in main
    wait_final(client, tx, f"open#{jid}")
  File "/home/ubuntu/linguacert/scripts/attach_v12_v4.py", line 91, in wait_final
    receipt = client.wait_for_transaction_receipt(
              ^^^^^^^^^^^^^^^^^^^^^^^^^^^^^^^^^^^^
  File "/home/ubuntu/genlayer-env/lib/python3.12/site-packages/genlayer_py/client/genlayer_client.py", line 205, in wait_for_transaction_receipt
    return wait_for_transaction_receipt(
           ^^^^^^^^^^^^^^^^^^^^^^^^^^^^^
  File "/home/ubuntu/genlayer-env/lib/python3.12/site-packages/genlayer_py/transactions/actions.py", line 80, in wait_for_transaction_receipt
    transaction = self.get_transaction(transaction_hash=transaction_hash)
                  ^^^^^^^^^^^^^^^^^^^^^^^^^^^^^^^^^^^^^^^^^^^^^^^^^^^^^^^
  File "/home/ubuntu/genlayer-env/lib/python3.12/site-packages/genlayer_py/client/genlayer_client.py", line 219, in get_transaction
    return get_transaction(self=self, transaction_hash=transaction_hash)
           ^^^^^^^^^^^^^^^^^^^^^^^^^^^^^^^^^^^^^^^^^^^^^^^^^^^^^^^^^^^^^
  File "/home/ubuntu/genlayer-env/lib/python3.12/site-packages/genlayer_py/transactions/actions.py", line 114, in get_transaction
    transaction = self.provider.make_request(
                  ^^^^^^^^^^^^^^^^^^^^^^^^^^^
  File "/home/ubuntu/genlayer-env/lib/python3.12/site-packages/genlayer_py/provider/provider.py", line 45, in make_request
    raise GenLayerError(
genlayer_py.exceptions.GenLayerError: eth_getTransactionByHash returned invalid JSON: Expecting value: line 1 column 1 (char 0). Response content: <!DOCTYPE html>
<!--[if lt IE 7]> <html class="no-js ie6 oldie" lang="en-US"> <![endif]-->
<!--[if IE 7]>    <html class="no-js ie7 oldie" lang="en-US"> <![endif]-->
<!--[if IE 8]>    <html class="no-js ie8 oldie" lang="en-US"> <![endif]-->
<!--[if gt IE 8]><!--> <html class="no-js" lang="en-US"> <!--<![endif]-->
<head>

<title>genlayer.com | 502: Bad gateway</title>
<meta charset="UTF-8" />
<meta http-equiv="Content-Type" content="text/html; charset=UTF-8" />
<meta http-equiv="X-UA-Compatible" ...
